                    SUBAREA REPORT
Run Date:  7/25/2023                                  Run Time: 14:53:37        
Example                                                                         
verification dataset for AGNPS                                                  
Using default values for LS-factor parameters                                   
 SubArea  Drainage  ------ Number of Rasters within ------   ----- LS-Factor -----
   ID         Area  Source   Right    Left Subarea Channel   Slope   Calc.    Read
              (ha)     '1'     '2'     '3'             '4'   (m/m)     (-)     (-)
     1         .00       0       1       0       0       0           OUTLET
     2       68.08       0    3754    3054    6808      58  .06285    .935    .000
     3       76.11    3365     937    3309    7611      44  .07771   1.206    .000
     4       75.33    3017    1491    3025    7533     105  .06597   1.013    .000
----------------------------------------------------------------------------------
     4      219.52    6382    9388    6183   21952     207           1.056   0.000

Note:  source, left, and right cells include the reassigned channel rasters.
